[15:10:12][no_game_date][systemsettings.cpp:163]: OS: OSX Version 26.3 (Build 25D125)
[15:10:12][no_game_date][systemsettings.cpp:164]: OS Lang: en_RU
[15:10:12][no_game_date][systemsettings.cpp:165]: CPU Model: Intel (Westmere)
[15:10:12][no_game_date][systemsettings.cpp:166]: Number of cores: 8 (8)
[15:10:12][no_game_date][systemsettings.cpp:168]: Estimated CPU speed: 2400MHz
[15:10:12][no_game_date][systemsettings.cpp:169]: System memory: 16384MB
[15:10:12][no_game_date][gfx_opengl.cpp:3354]: Loading settings for adapter 0, fullscreen=0, multisample=15
[15:10:13][no_game_date][gfx_opengl.cpp:3423]: Checking for multi-sampling support:
[15:10:13][no_game_date][gfx_opengl.cpp:3449]: MaxTextureWidth: 16384
[15:10:13][no_game_date][gfx_opengl.cpp:3450]: MaxTextureHeight: 16384
[15:10:13][no_game_date][graphicssettings.cpp:172]: 	2 samples supported.
[15:10:13][no_game_date][graphicssettings.cpp:172]: 	4 samples supported.
[15:10:13][no_game_date][graphicssettings.cpp:210]: Video adapter: 
[15:10:13][no_game_date][graphicssettings.cpp:211]: Video driver: 
[15:10:13][no_game_date][graphicssettings.cpp:212]: Video driver version: 0.0.0.0
[15:10:13][no_game_date][graphicssettings.cpp:213]: Video memory: 0
[15:10:13][no_game_date][graphicssettings.cpp:214]: Support for Anisotropic filtering found.
[15:10:13][no_game_date][graphicssettings.cpp:218]: 	Max Anisotropic filtering supported: 16
[15:10:13][no_game_date][graphicssettings.cpp:219]: 	Anisotropic filtering set to: 4
[15:10:16][no_game_date][main.cpp:2127]: Creating application...
[15:10:16][no_game_date][graphicssettings.cpp:747]: Using multisampling: 4
[15:10:18][no_game_date][gameapplication.cpp:1235]: Initializing application...
[15:10:20][no_game_date][gameapplication.cpp:1241]: Done initializing application
[15:10:20][no_game_date][gameapplication.cpp:1244]: Loading cursor...
[15:10:20][no_game_date][graphicssettings.cpp:747]: Using multisampling: 4
[15:10:20][no_game_date][graphics.cpp:972]: Creating device with: HARDWARE_VERTEXPROCESSING
	Fullscreen=no
	Resolution=1470x923
	Renderer=OpenGL
[15:10:20][no_game_date][gfx_opengl.cpp:1041]: 
OpenGL Version: 2.1 Metal - 90.5
Supported Extensions:
GL_ARB_color_buffer_float
GL_ARB_depth_buffer_float
GL_ARB_depth_clamp
GL_ARB_depth_texture
GL_ARB_draw_buffers
GL_ARB_draw_elements_base_vertex
GL_ARB_draw_instanced
GL_ARB_fragment_program
GL_ARB_fragment_program_shadow
GL_ARB_fragment_shader
GL_ARB_framebuffer_object
GL_ARB_framebuffer_sRGB
GL_ARB_half_float_pixel
GL_ARB_half_float_vertex
GL_ARB_imaging
GL_ARB_instanced_arrays
GL_ARB_multisample
GL_ARB_multitexture
GL_ARB_occlusion_query
GL_ARB_pixel_buffer_object
GL_ARB_point_parameters
GL_ARB_point_sprite
GL_ARB_provoking_vertex
GL_ARB_seamless_cube_map
GL_ARB_shader_objects
GL_ARB_shader_texture_lod
GL_ARB_shading_language_100
GL_ARB_shadow
GL_ARB_shadow_ambient
GL_ARB_sync
GL_ARB_texture_border_clamp
GL_ARB_texture_compression
GL_ARB_texture_compression_rgtc
GL_ARB_texture_cube_map
GL_ARB_texture_env_add
GL_ARB_texture_env_combine
GL_ARB_texture_env_crossbar
GL_ARB_texture_env_dot3
GL_ARB_texture_float
GL_ARB_texture_mirrored_repeat
GL_ARB_texture_non_power_of_two
GL_ARB_texture_rectangle
GL_ARB_texture_rg
GL_ARB_transpose_matrix
GL_ARB_vertex_array_bgra
GL_ARB_vertex_blend
GL_ARB_vertex_buffer_object
GL_ARB_vertex_program
GL_ARB_vertex_shader
GL_ARB_window_pos
GL_EXT_abgr
GL_EXT_bgra
GL_EXT_bindable_uniform
GL_EXT_blend_color
GL_EXT_blend_equation_separate
GL_EXT_blend_func_separate
GL_EXT_blend_minmax
GL_EXT_blend_subtract
GL_EXT_clip_volume_hint
GL_EXT_debug_label
GL_EXT_debug_marker
GL_EXT_draw_buffers2
GL_EXT_draw_range_elements
GL_EXT_fog_coord
GL_EXT_framebuffer_blit
GL_EXT_framebuffer_multisample
GL_EXT_framebuffer_multisample_blit_scaled
GL_EXT_framebuffer_object
GL_EXT_framebuffer_sRGB
GL_EXT_geometry_shader4
GL_EXT_gpu_program_parameters
GL_EXT_gpu_shader4
GL_EXT_multi_draw_arrays
GL_EXT_packed_depth_stencil
GL_EXT_packed_float
GL_EXT_provoking_vertex
GL_EXT_rescale_normal
GL_EXT_secondary_color
GL_EXT_separate_specular_color
GL_EXT_shadow_funcs
GL_EXT_stencil_two_side
GL_EXT_stencil_wrap
GL_EXT_texture_array
GL_EXT_texture_compression_dxt1
GL_EXT_texture_compression_s3tc
GL_EXT_texture_env_add
GL_EXT_texture_filter_anisotropic
GL_EXT_texture_integer
GL_EXT_texture_lod_bias
GL_EXT_texture_rectangle
GL_EXT_texture_shared_exponent
GL_EXT_texture_sRGB
GL_EXT_texture_sRGB_decode
GL_EXT_timer_query
GL_EXT_transform_feedback
GL_EXT_vertex_array_bgra
GL_APPLE_aux_depth_stencil
GL_APPLE_client_storage
GL_APPLE_element_array
GL_APPLE_fence
GL_APPLE_float_pixels
GL_APPLE_flush_buffer_range
GL_APPLE_flush_render
GL_APPLE_packed_pixels
GL_APPLE_pixel_buffer
GL_APPLE_rgb_422
GL_APPLE_row_bytes
GL_APPLE_specular_vector
GL_APPLE_texture_range
GL_APPLE_transform_hint
GL_APPLE_vertex_array_object
GL_APPLE_vertex_point_size
GL_APPLE_vertex_program_evaluators
GL_APPLE_ycbcr_422
GL_ATI_separate_stencil
GL_ATI_texture_env_combine3
GL_ATI_texture_float
GL_IBM_rasterpos_clip
GL_NV_blend_square
GL_NV_conditional_render
GL_NV_depth_clamp
GL_NV_fog_distance
GL_NV_fragment_program_option
GL_NV_fragment_program2
GL_NV_light_max_exponent
GL_NV_texgen_reflection
GL_NV_texture_barrier
GL_NV_vertex_program2_option
GL_NV_vertex_program3
GL_SGI_color_matrix
GL_SGIS_generate_mipmap
GL_SGIS_texture_edge_clamp
GL_SGIS_texture_lod

[15:10:20][no_game_date][graphicssettings.cpp:715]: Usable res: 2560 1664 60
[15:10:20][no_game_date][graphicssettings.cpp:715]: Usable res: 2560 1600 60
[15:10:20][no_game_date][graphicssettings.cpp:715]: Usable res: 2048 1332 60
[15:10:20][no_game_date][graphicssettings.cpp:715]: Usable res: 2048 1280 60
[15:10:20][no_game_date][graphicssettings.cpp:715]: Usable res: 1920 1200 60
[15:10:20][no_game_date][graphicssettings.cpp:715]: Usable res: 1710 1112 60
[15:10:20][no_game_date][graphicssettings.cpp:715]: Usable res: 1710 1068 60
[15:10:20][no_game_date][graphicssettings.cpp:715]: Usable res: 1470 956 60
[15:10:20][no_game_date][graphicssettings.cpp:715]: Usable res: 1470 918 60
[15:10:20][no_game_date][graphicssettings.cpp:715]: Usable res: 1280 832 60
[15:10:20][no_game_date][graphicssettings.cpp:715]: Usable res: 1280 800 60
[15:10:20][no_game_date][graphicssettings.cpp:715]: Usable res: 1024 666 60
[15:10:20][no_game_date][graphicssettings.cpp:715]: Usable res: 1024 640 60
[15:10:20][no_game_date][graphicssettings.cpp:715]: Usable res: 960 600 60
[15:10:20][no_game_date][graphics.cpp:1007]: Done creating device.
[15:10:40][no_game_date][gameapplication.cpp:1490]: Version: Musketeer v1.17.5.2.ef5d (cdcd) build time: Mar 25 2026 15:37:29
[15:10:40][no_game_date][gameapplication.cpp:1495]: Active DLC Count: 38
[15:10:40][no_game_date][gameapplication.cpp:1496]: Active Mod Count: 0
[15:10:40][no_game_date][gameapplication.cpp:1500]: Active DLC: Allied Armor Pack
[15:10:40][no_game_date][gameapplication.cpp:1500]: Active DLC: Allied Radio Music Pack
[15:10:40][no_game_date][gameapplication.cpp:1500]: Active DLC: Allied Speeches Pack
[15:10:40][no_game_date][gameapplication.cpp:1500]: Active DLC: Anniversary Pack
[15:10:40][no_game_date][gameapplication.cpp:1500]: Active DLC: Arms Against Tyranny
[15:10:40][no_game_date][gameapplication.cpp:1500]: Active DLC: Arms Against Tyranny Preorder Bonus
[15:10:40][no_game_date][gameapplication.cpp:1500]: Active DLC: Axis Armor Pack
[15:10:40][no_game_date][gameapplication.cpp:1500]: Active DLC: Battle for the Bosporus
[15:10:40][no_game_date][gameapplication.cpp:1500]: Active DLC: British Tanks Unit Pack
[15:10:40][no_game_date][gameapplication.cpp:1500]: Active DLC: By Blood Alone
[15:10:40][no_game_date][gameapplication.cpp:1500]: Active DLC: By Blood Alone Preorder Bonus
[15:10:40][no_game_date][gameapplication.cpp:1500]: Active DLC: Content Creator Pack - Soviet Union 2D Art
[15:10:40][no_game_date][gameapplication.cpp:1500]: Active DLC: Eastern Front Planes Pack
[15:10:40][no_game_date][gameapplication.cpp:1500]: Active DLC: Expansion Pass 1: Ride of the Valkyries
[15:10:40][no_game_date][gameapplication.cpp:1500]: Active DLC: Expansion Pass 1: Supporter Pack
[15:10:40][no_game_date][gameapplication.cpp:1500]: Active DLC: Expansion Pass 2: Seaplane Tenders
[15:10:40][no_game_date][gameapplication.cpp:1500]: Active DLC: French Tanks Unit Pack
[15:10:40][no_game_date][gameapplication.cpp:1500]: Active DLC: German March Order Music Pack
[15:10:40][no_game_date][gameapplication.cpp:1500]: Active DLC: German Tanks Unit Pack
[15:10:40][no_game_date][gameapplication.cpp:1500]: Active DLC: Gotterdammerung
[15:10:40][no_game_date][gameapplication.cpp:1500]: Active DLC: Graveyard of Empires
[15:10:40][no_game_date][gameapplication.cpp:1500]: Active DLC: Historical German Portraits
[15:10:40][no_game_date][gameapplication.cpp:1500]: Active DLC: La Resistance
[15:10:40][no_game_date][gameapplication.cpp:1500]: Active DLC: La Resistance Preorder Bonus
[15:10:40][no_game_date][gameapplication.cpp:1500]: Active DLC: No Compromise, No Surrender
[15:10:40][no_game_date][gameapplication.cpp:1500]: Active DLC: No Step Back
[15:10:40][no_game_date][gameapplication.cpp:1500]: Active DLC: No Step Back Preorder Bonus
[15:10:40][no_game_date][gameapplication.cpp:1500]: Active DLC: Poland: United and Ready
[15:10:40][no_game_date][gameapplication.cpp:1500]: Active DLC: Prototype Vehicles
[15:10:40][no_game_date][gameapplication.cpp:1500]: Active DLC: Radio Pack
[15:10:40][no_game_date][gameapplication.cpp:1500]: Active DLC: Rocket Launcher Unit Pack
[15:10:40][no_game_date][gameapplication.cpp:1500]: Active DLC: Sabaton Soundtrack
[15:10:40][no_game_date][gameapplication.cpp:1500]: Active DLC: Sabaton Soundtrack Vol.2
[15:10:40][no_game_date][gameapplication.cpp:1500]: Active DLC: Songs of the Eastern Front
[15:10:40][no_game_date][gameapplication.cpp:1500]: Active DLC: Soviet Tanks Unit Pack
[15:10:40][no_game_date][gameapplication.cpp:1500]: Active DLC: Trial of Allegiance
[15:10:40][no_game_date][gameapplication.cpp:1500]: Active DLC: Trial of Allegiance Preorder Bonus
[15:10:40][no_game_date][gameapplication.cpp:1500]: Active DLC: US Tanks Unit Pack
[15:10:50][1936.01.01.12][graphicssettings.cpp:747]: Using multisampling: 4
